[INFO] Self-contained logging activated.
[INFO] Writing all stdout/stderr channels to: ./logs\franka_v2_20_unknown_L1_on_20260712_160658.log
------------------------------------------------------------

[36m======================================================================================================================[0m
[36m[1m[INFO][IsaacLab]: Logging to file: C:\Users\JERRYH~1\AppData\Local\Temp\isaaclab\logs\isaaclab_2026-07-12_16-06-58.log[0m
[36m======================================================================================================================[0m

[33m16:06:59 [simulation_context.py] WARNING: The `enable_external_forces_every_iteration` parameter in the PhysxCfg is set to False. If you are experiencing noisy velocities, consider enabling this flag. You may need to slightly increase the number of velocity iterations (setting it to 1 or 2 rather than 0), together with this flag, to improve the accuracy of velocity updates.[0m
[INFO] p_reach (env-local): [ 5.9262657e-01 -7.3909760e-05  1.7734389e+00]
[INFO] p_home  (env-local): [2.5114679e-01 1.5258789e-05 1.5809889e+00]
[INFO] p_lift  (env-local): [0.30307388 0.20731688 1.7333386 ]
[INFO]: L1 Filter Enabled: True
Num Samples: 20
t=000.5s | Phase 1: Approach  | EE err: 0.371 m | L1 sh:  +0.2 | L1 elbow:  -0.2 N-m | ESS:   5.9/20 | plan:  212.3 ms
t=001.0s | Phase 1: Approach  | EE err: 0.346 m | L1 sh:  +0.3 | L1 elbow:  -0.1 N-m | ESS:   8.6/20 | plan:  203.5 ms
t=001.5s | Phase 1: Approach  | EE err: 0.329 m | L1 sh:  +0.2 | L1 elbow:  +0.2 N-m | ESS:   7.9/20 | plan:  187.5 ms
t=002.0s | Phase 1: Approach  | EE err: 0.316 m | L1 sh:  -0.7 | L1 elbow:  +0.7 N-m | ESS:   8.5/20 | plan:  187.8 ms
t=002.5s | Phase 1: Approach  | EE err: 0.295 m | L1 sh:  -1.7 | L1 elbow:  +1.1 N-m | ESS:   8.8/20 | plan:  206.7 ms
t=003.0s | Phase 1: Approach  | EE err: 0.273 m | L1 sh:  -1.8 | L1 elbow:  +1.5 N-m | ESS:   9.5/20 | plan:  215.5 ms
t=003.5s | Phase 1: Approach  | EE err: 0.250 m | L1 sh:  -2.0 | L1 elbow:  +1.3 N-m | ESS:   5.8/20 | plan:  178.8 ms
t=004.0s | Phase 1: Approach  | EE err: 0.228 m | L1 sh:  -2.1 | L1 elbow:  +1.7 N-m | ESS:   9.3/20 | plan:  205.3 ms
t=004.5s | Phase 1: Approach  | EE err: 0.210 m | L1 sh:  -2.2 | L1 elbow:  +1.7 N-m | ESS:   8.3/20 | plan:  184.5 ms
t=005.0s | Phase 1: Approach  | EE err: 0.188 m | L1 sh:  -2.1 | L1 elbow:  +1.8 N-m | ESS:   9.3/20 | plan:  178.1 ms
t=005.5s | Phase 1: Approach  | EE err: 0.170 m | L1 sh:  -2.3 | L1 elbow:  +1.9 N-m | ESS:   6.8/20 | plan:  183.1 ms
t=006.0s | Phase 1: Approach  | EE err: 0.150 m | L1 sh:  -1.8 | L1 elbow:  +2.0 N-m | ESS:  11.3/20 | plan:  193.2 ms
[CHECK] env0 hand mass now: 2.180 kg
[EVENT] t=6.01s GRASP: +1.5 kg on env 0
Traceback (most recent call last):
  File "C:\Users\Jerry Hou\Desktop\Githubs\NeuralCBF\franka_v2.py", line 322, in <module>
    main()
  File "C:\Users\Jerry Hou\Desktop\Githubs\NeuralCBF\franka_v2.py", line 247, in main
    grip_offset = torch.tensor([0.0, 0.0, 0.09], device=device).expand(K_envs, -1)
                                                                       ^^^^^^
NameError: name 'K_envs' is not defined
