[INFO] Self-contained logging activated.
[INFO] Writing all stdout/stderr channels to: ./logs\franka_v2_200_unknown_L1_on_20260712_153802.log
------------------------------------------------------------

[36m======================================================================================================================[0m
[36m[1m[INFO][IsaacLab]: Logging to file: C:\Users\JERRYH~1\AppData\Local\Temp\isaaclab\logs\isaaclab_2026-07-12_15-38-02.log[0m
[36m======================================================================================================================[0m

[33m15:38:02 [simulation_context.py] WARNING: The `enable_external_forces_every_iteration` parameter in the PhysxCfg is set to False. If you are experiencing noisy velocities, consider enabling this flag. You may need to slightly increase the number of velocity iterations (setting it to 1 or 2 rather than 0), together with this flag, to improve the accuracy of velocity updates.[0m
[INFO] p_reach (env-local): [ 5.9262466e-01 -7.6293945e-05  1.7734389e+00]
[INFO] p_home  (env-local): [2.5114441e-01 1.7166138e-05 1.5809889e+00]
[INFO] p_lift  (env-local): [0.3030758  0.20731735 1.7333386 ]
[INFO]: L1 Filter Enabled: True
Num Samples: 200
t=000.5s | Phase 1: Approach  | EE err: 0.371 m | L1 sh:  +0.1 | L1 elbow:  -0.2 N-m | ESS:  75.7/200 | plan:  212.6 ms
t=001.0s | Phase 1: Approach  | EE err: 0.346 m | L1 sh:  +0.4 | L1 elbow:  -0.0 N-m | ESS: 113.9/200 | plan:  194.5 ms
t=001.5s | Phase 1: Approach  | EE err: 0.328 m | L1 sh:  +0.2 | L1 elbow:  +0.1 N-m | ESS:  42.4/200 | plan:  203.1 ms
t=002.0s | Phase 1: Approach  | EE err: 0.300 m | L1 sh:  -0.9 | L1 elbow:  +0.6 N-m | ESS:  44.9/200 | plan:  194.3 ms
t=002.5s | Phase 1: Approach  | EE err: 0.275 m | L1 sh:  -1.7 | L1 elbow:  +1.4 N-m | ESS:  51.0/200 | plan:  202.9 ms
t=003.0s | Phase 1: Approach  | EE err: 0.251 m | L1 sh:  -1.9 | L1 elbow:  +1.5 N-m | ESS:  61.8/200 | plan:  195.0 ms
t=003.5s | Phase 1: Approach  | EE err: 0.224 m | L1 sh:  -2.1 | L1 elbow:  +1.6 N-m | ESS:  64.2/200 | plan:  195.8 ms
t=004.0s | Phase 1: Approach  | EE err: 0.197 m | L1 sh:  -2.1 | L1 elbow:  +1.8 N-m | ESS:  68.9/200 | plan:  195.1 ms
t=004.5s | Phase 1: Approach  | EE err: 0.172 m | L1 sh:  -2.1 | L1 elbow:  +1.9 N-m | ESS:  75.1/200 | plan:  199.1 ms
t=005.0s | Phase 1: Approach  | EE err: 0.151 m | L1 sh:  -1.9 | L1 elbow:  +1.8 N-m | ESS:  17.0/200 | plan:  188.0 ms
t=005.5s | Phase 1: Approach  | EE err: 0.133 m | L1 sh:  -1.9 | L1 elbow:  +1.8 N-m | ESS:  63.6/200 | plan:  200.3 ms
t=006.0s | Phase 1: Approach  | EE err: 0.121 m | L1 sh:  -1.4 | L1 elbow:  +2.1 N-m | ESS:  42.3/200 | plan:  204.1 ms
[CHECK] env0 hand mass now: 2.180 kg
[EVENT] t=6.01s GRASP: +1.5 kg on env 0
t=006.5s | Phase 2: Transport | EE err: 0.339 m | L1 sh:  -7.4 | L1 elbow:  +7.6 N-m | ESS:  89.5/200 | plan:  208.9 ms
t=007.0s | Phase 2: Transport | EE err: 0.301 m | L1 sh:  -8.3 | L1 elbow:  +8.3 N-m | ESS:  46.4/200 | plan:  201.6 ms
t=007.5s | Phase 2: Transport | EE err: 0.245 m | L1 sh:  -7.4 | L1 elbow:  +7.4 N-m | ESS:  83.9/200 | plan:  193.4 ms
t=008.0s | Phase 2: Transport | EE err: 0.208 m | L1 sh:  -6.4 | L1 elbow:  +6.5 N-m | ESS:  84.7/200 | plan:  205.5 ms
t=008.5s | Phase 2: Transport | EE err: 0.148 m | L1 sh:  -5.7 | L1 elbow:  +5.8 N-m | ESS:  57.2/200 | plan:  198.5 ms
t=009.0s | Phase 2: Transport | EE err: 0.082 m | L1 sh:  -5.3 | L1 elbow:  +5.3 N-m | ESS:  37.0/200 | plan:  207.4 ms
t=009.5s | Phase 2: Transport | EE err: 0.048 m | L1 sh:  -4.6 | L1 elbow:  +5.0 N-m | ESS:  71.4/200 | plan:  199.4 ms
t=010.0s | Phase 2: Transport | EE err: 0.062 m | L1 sh:  -4.3 | L1 elbow:  +4.8 N-m | ESS:  48.0/200 | plan:  196.8 ms
t=010.5s | Phase 2: Transport | EE err: 0.112 m | L1 sh:  -4.1 | L1 elbow:  +4.7 N-m | ESS:  61.8/200 | plan:  206.6 ms
t=011.0s | Phase 2: Transport | EE err: 0.152 m | L1 sh:  -3.7 | L1 elbow:  +4.7 N-m | ESS:  88.7/200 | plan:  188.5 ms
t=011.5s | Phase 2: Transport | EE err: 0.098 m | L1 sh:  -3.6 | L1 elbow:  +4.5 N-m | ESS:  50.3/200 | plan:  184.5 ms
t=012.0s | Phase 2: Transport | EE err: 0.042 m | L1 sh:  -3.9 | L1 elbow:  +4.6 N-m | ESS:  62.2/200 | plan:  197.3 ms
t=012.5s | Phase 2: Transport | EE err: 0.108 m | L1 sh:  -4.3 | L1 elbow:  +4.6 N-m | ESS:  90.9/200 | plan:  218.7 ms
t=013.0s | Phase 2: Transport | EE err: 0.093 m | L1 sh:  -4.4 | L1 elbow:  +4.5 N-m | ESS:  56.1/200 | plan:  193.4 ms
t=013.5s | Phase 2: Transport | EE err: 0.036 m | L1 sh:  -4.2 | L1 elbow:  +4.6 N-m | ESS:  62.8/200 | plan:  198.1 ms
t=014.0s | Phase 2: Transport | EE err: 0.079 m | L1 sh:  -4.1 | L1 elbow:  +4.5 N-m | ESS:  74.0/200 | plan:  189.7 ms
t=014.5s | Phase 2: Transport | EE err: 0.119 m | L1 sh:  -3.8 | L1 elbow:  +4.5 N-m | ESS:  73.5/200 | plan:  190.4 ms
t=015.0s | Phase 2: Transport | EE err: 0.066 m | L1 sh:  -3.6 | L1 elbow:  +4.3 N-m | ESS:  41.9/200 | plan:  215.5 ms
t=015.5s | Phase 2: Transport | EE err: 0.083 m | L1 sh:  -4.1 | L1 elbow:  +4.4 N-m | ESS:  24.2/200 | plan:  194.9 ms
t=016.0s | Phase 2: Transport | EE err: 0.087 m | L1 sh:  -4.6 | L1 elbow:  +4.6 N-m | ESS:  81.1/200 | plan:  211.9 ms
