[INFO] Self-contained logging activated.
[INFO] Writing all stdout/stderr channels to: ./logs\v2_K200_unknown_L1_off_20260710_012021.log
------------------------------------------------------------

[36m======================================================================================================================[0m
[36m[1m[INFO][IsaacLab]: Logging to file: C:\Users\JERRYH~1\AppData\Local\Temp\isaaclab\logs\isaaclab_2026-07-10_01-20-21.log[0m
[36m======================================================================================================================[0m

[33m01:20:21 [simulation_context.py] WARNING: The `enable_external_forces_every_iteration` parameter in the PhysxCfg is set to False. If you are experiencing noisy velocities, consider enabling this flag. You may need to slightly increase the number of velocity iterations (setting it to 1 or 2 rather than 0), together with this flag, to improve the accuracy of velocity updates.[0m
[INFO] p_reach (env-local): [ 5.9262466e-01 -7.6293945e-05  1.7734389e+00]
[INFO] p_home  (env-local): [2.5114441e-01 1.7166138e-05 1.5809889e+00]
[INFO] p_lift  (env-local): [0.3030758  0.20731735 1.7333386 ]
[INFO]: L1 Filter Enabled: False
Num Samples: 200
t=000.5s | Phase 1: Approach  | EE err: 0.372 m | L1 sh:  +0.0 | L1 elbow:  +0.0 N-m | ESS:  80.9/200 | plan:  186.1 ms
t=001.0s | Phase 1: Approach  | EE err: 0.352 m | L1 sh:  +0.0 | L1 elbow:  +0.0 N-m | ESS:  52.2/200 | plan:  185.6 ms
t=001.5s | Phase 1: Approach  | EE err: 0.336 m | L1 sh:  +0.0 | L1 elbow:  +0.0 N-m | ESS:  68.4/200 | plan:  177.3 ms
t=002.0s | Phase 1: Approach  | EE err: 0.328 m | L1 sh:  +0.0 | L1 elbow:  +0.0 N-m | ESS:  38.6/200 | plan:  188.3 ms
t=002.5s | Phase 1: Approach  | EE err: 0.321 m | L1 sh:  +0.0 | L1 elbow:  +0.0 N-m | ESS:  58.1/200 | plan:  186.9 ms
t=003.0s | Phase 1: Approach  | EE err: 0.308 m | L1 sh:  +0.0 | L1 elbow:  +0.0 N-m | ESS:  63.4/200 | plan:  187.6 ms
t=003.5s | Phase 1: Approach  | EE err: 0.290 m | L1 sh:  +0.0 | L1 elbow:  +0.0 N-m | ESS:  65.6/200 | plan:  186.6 ms
t=004.0s | Phase 1: Approach  | EE err: 0.268 m | L1 sh:  +0.0 | L1 elbow:  +0.0 N-m | ESS:  44.3/200 | plan:  197.5 ms
t=004.5s | Phase 1: Approach  | EE err: 0.249 m | L1 sh:  +0.0 | L1 elbow:  +0.0 N-m | ESS: 101.4/200 | plan:  198.7 ms
t=005.0s | Phase 1: Approach  | EE err: 0.236 m | L1 sh:  +0.0 | L1 elbow:  +0.0 N-m | ESS:  78.8/200 | plan:  190.3 ms
t=005.5s | Phase 1: Approach  | EE err: 0.223 m | L1 sh:  +0.0 | L1 elbow:  +0.0 N-m | ESS:  93.0/200 | plan:  195.0 ms
t=006.0s | Phase 1: Approach  | EE err: 0.211 m | L1 sh:  +0.0 | L1 elbow:  +0.0 N-m | ESS:  86.6/200 | plan:  193.0 ms
[CHECK] env0 hand mass now: 2.180 kg
[EVENT] t=6.01s GRASP: +1.5 kg on env 0  [WARN: grasped while 0.21 m from target]
t=006.5s | Phase 2: Transport | EE err: 0.312 m | L1 sh:  +0.0 | L1 elbow:  +0.0 N-m | ESS:  85.1/200 | plan:  207.6 ms
t=007.0s | Phase 2: Transport | EE err: 0.344 m | L1 sh:  +0.0 | L1 elbow:  +0.0 N-m | ESS:  71.4/200 | plan:  195.1 ms
t=007.5s | Phase 2: Transport | EE err: 0.366 m | L1 sh:  +0.0 | L1 elbow:  +0.0 N-m | ESS:  81.9/200 | plan:  195.0 ms
t=008.0s | Phase 2: Transport | EE err: 0.373 m | L1 sh:  +0.0 | L1 elbow:  +0.0 N-m | ESS:  72.3/200 | plan:  183.5 ms
t=008.5s | Phase 2: Transport | EE err: 0.386 m | L1 sh:  +0.0 | L1 elbow:  +0.0 N-m | ESS:  74.4/200 | plan:  192.7 ms
t=009.0s | Phase 2: Transport | EE err: 0.400 m | L1 sh:  +0.0 | L1 elbow:  +0.0 N-m | ESS:  31.5/200 | plan:  176.9 ms
t=009.5s | Phase 2: Transport | EE err: 0.419 m | L1 sh:  +0.0 | L1 elbow:  +0.0 N-m | ESS:  73.2/200 | plan:  194.9 ms
t=010.0s | Phase 2: Transport | EE err: 0.447 m | L1 sh:  +0.0 | L1 elbow:  +0.0 N-m | ESS:  65.8/200 | plan:  182.3 ms
t=010.5s | Phase 2: Transport | EE err: 0.469 m | L1 sh:  +0.0 | L1 elbow:  +0.0 N-m | ESS:  84.9/200 | plan:  192.0 ms
t=011.0s | Phase 2: Transport | EE err: 0.492 m | L1 sh:  +0.0 | L1 elbow:  +0.0 N-m | ESS:  67.7/200 | plan:  190.6 ms
t=011.5s | Phase 2: Transport | EE err: 0.502 m | L1 sh:  +0.0 | L1 elbow:  +0.0 N-m | ESS:  64.9/200 | plan:  182.7 ms
t=012.0s | Phase 2: Transport | EE err: 0.504 m | L1 sh:  +0.0 | L1 elbow:  +0.0 N-m | ESS:  86.8/200 | plan:  188.2 ms
t=012.5s | Phase 2: Transport | EE err: 0.503 m | L1 sh:  +0.0 | L1 elbow:  +0.0 N-m | ESS:  67.7/200 | plan:  199.0 ms
t=013.0s | Phase 2: Transport | EE err: 0.500 m | L1 sh:  +0.0 | L1 elbow:  +0.0 N-m | ESS:  52.9/200 | plan:  220.5 ms
t=013.5s | Phase 2: Transport | EE err: 0.499 m | L1 sh:  +0.0 | L1 elbow:  +0.0 N-m | ESS:  74.8/200 | plan:  192.2 ms
t=014.0s | Phase 2: Transport | EE err: 0.506 m | L1 sh:  +0.0 | L1 elbow:  +0.0 N-m | ESS:  72.0/200 | plan:  190.7 ms
t=014.5s | Phase 2: Transport | EE err: 0.509 m | L1 sh:  +0.0 | L1 elbow:  +0.0 N-m | ESS:  65.2/200 | plan:  208.9 ms
t=015.0s | Phase 2: Transport | EE err: 0.512 m | L1 sh:  +0.0 | L1 elbow:  +0.0 N-m | ESS:  61.4/200 | plan:  220.2 ms
t=015.5s | Phase 2: Transport | EE err: 0.513 m | L1 sh:  +0.0 | L1 elbow:  +0.0 N-m | ESS:  77.5/200 | plan:  197.1 ms
t=016.0s | Phase 2: Transport | EE err: 0.513 m | L1 sh:  +0.0 | L1 elbow:  +0.0 N-m | ESS:  54.0/200 | plan:  189.0 ms
